
Allocating common symbols
Common symbol       size              file

acce_delay          0x2               target/injection.o
ecu                 0x9c              target/main.o
flags1              0x4               target/injection.o
fuel_pump_time      0x4               target/actuators.o
execount            0x4               target/main.o
acce                0x2               target/injection.o

Discarded input sections

 .text          0x00000000        0x0 h:/development/openecu/tools/codesourcery/bin/../lib/gcc/arm-none-eabi/4.4.1/thumb2/crti.o
 .data          0x00000000        0x0 h:/development/openecu/tools/codesourcery/bin/../lib/gcc/arm-none-eabi/4.4.1/thumb2/crti.o
 .bss           0x00000000        0x0 h:/development/openecu/tools/codesourcery/bin/../lib/gcc/arm-none-eabi/4.4.1/thumb2/crti.o
 .init          0x00000000        0x4 h:/development/openecu/tools/codesourcery/bin/../lib/gcc/arm-none-eabi/4.4.1/thumb2/crti.o
 .fini          0x00000000        0x4 h:/development/openecu/tools/codesourcery/bin/../lib/gcc/arm-none-eabi/4.4.1/thumb2/crti.o
 .text          0x00000000       0x30 h:/development/openecu/tools/codesourcery/bin/../lib/gcc/arm-none-eabi/4.4.1/thumb2/crtbegin.o
 .data          0x00000000        0x4 h:/development/openecu/tools/codesourcery/bin/../lib/gcc/arm-none-eabi/4.4.1/thumb2/crtbegin.o
 .bss           0x00000000        0x1 h:/development/openecu/tools/codesourcery/bin/../lib/gcc/arm-none-eabi/4.4.1/thumb2/crtbegin.o
 .init_array    0x00000000        0x4 h:/development/openecu/tools/codesourcery/bin/../lib/gcc/arm-none-eabi/4.4.1/thumb2/crtbegin.o
 .fini_array    0x00000000        0x4 h:/development/openecu/tools/codesourcery/bin/../lib/gcc/arm-none-eabi/4.4.1/thumb2/crtbegin.o
 .jcr           0x00000000        0x0 h:/development/openecu/tools/codesourcery/bin/../lib/gcc/arm-none-eabi/4.4.1/thumb2/crtbegin.o
 .text          0x00000000       0x14 C:\Users\Sergey\AppData\Local\Temp\cc4yVQeL.o
 .data          0x00000000        0x0 C:\Users\Sergey\AppData\Local\Temp\cc4yVQeL.o
 .bss           0x00000000        0x0 C:\Users\Sergey\AppData\Local\Temp\cc4yVQeL.o
 .data          0x00000000        0x0 target/main.o
 .bss           0x00000000        0x0 target/main.o
 .data          0x00000000        0x0 target/calc.o
 .bss           0x00000000        0x0 target/calc.o
 .data          0x00000000        0x0 target/injection.o
 .bss           0x00000000        0x0 target/injection.o
 .data          0x00000000        0x0 target/ignition.o
 .bss           0x00000000        0x0 target/ignition.o
 .data          0x00000000        0x0 target/actuators.o
 .bss           0x00000000        0x0 target/actuators.o
 .data          0x00000000        0x0 target/comm.o
 .bss           0x00000000        0x0 target/comm.o
 .bss           0x00000000        0x0 target/system_stm32f4xx.o
 .text          0x00000000        0x0 h:/development/openecu/tools/codesourcery/bin/../lib/gcc/arm-none-eabi/4.4.1/thumb2/crtend.o
 .data          0x00000000        0x0 h:/development/openecu/tools/codesourcery/bin/../lib/gcc/arm-none-eabi/4.4.1/thumb2/crtend.o
 .bss           0x00000000        0x0 h:/development/openecu/tools/codesourcery/bin/../lib/gcc/arm-none-eabi/4.4.1/thumb2/crtend.o
 .jcr           0x00000000        0x4 h:/development/openecu/tools/codesourcery/bin/../lib/gcc/arm-none-eabi/4.4.1/thumb2/crtend.o
 .text          0x00000000        0x0 h:/development/openecu/tools/codesourcery/bin/../lib/gcc/arm-none-eabi/4.4.1/thumb2/crtn.o
 .data          0x00000000        0x0 h:/development/openecu/tools/codesourcery/bin/../lib/gcc/arm-none-eabi/4.4.1/thumb2/crtn.o
 .bss           0x00000000        0x0 h:/development/openecu/tools/codesourcery/bin/../lib/gcc/arm-none-eabi/4.4.1/thumb2/crtn.o
 .init          0x00000000        0x8 h:/development/openecu/tools/codesourcery/bin/../lib/gcc/arm-none-eabi/4.4.1/thumb2/crtn.o
 .fini          0x00000000        0x8 h:/development/openecu/tools/codesourcery/bin/../lib/gcc/arm-none-eabi/4.4.1/thumb2/crtn.o

Memory Configuration

Name             Origin             Length             Attributes
RAM              0x20000000         0x00020000         xrw
CCMRAM           0x10000000         0x00010000         xrw
FLASH            0x08000000         0x00100000         xr
FLASHB1          0x00000000         0x00000000         xr
EXTMEMB0         0x00000000         0x00000000         xr
EXTMEMB1         0x00000000         0x00000000         xr
EXTMEMB2         0x00000000         0x00000000         xr
EXTMEMB3         0x00000000         0x00000000         xr
MEMORY_ARRAY     0x20002000         0x00000020         xrw
*default*        0x00000000         0xffffffff

Linker script and memory map

LOAD h:/development/openecu/tools/codesourcery/bin/../lib/gcc/arm-none-eabi/4.4.1/thumb2/crti.o
LOAD h:/development/openecu/tools/codesourcery/bin/../lib/gcc/arm-none-eabi/4.4.1/thumb2/crtbegin.o
LOAD C:\Users\Sergey\AppData\Local\Temp\cc4yVQeL.o
LOAD target/main.o
LOAD target/calc.o
LOAD target/injection.o
LOAD target/ignition.o
LOAD target/actuators.o
LOAD target/comm.o
LOAD target/system_stm32f4xx.o
START GROUP
LOAD h:/development/openecu/tools/codesourcery/bin/../lib/gcc/arm-none-eabi/4.4.1/thumb2\libgcc.a
LOAD h:/development/openecu/tools/codesourcery/bin/../lib/gcc/arm-none-eabi/4.4.1/../../../../arm-none-eabi/lib/thumb2\libc.a
END GROUP
LOAD h:/development/openecu/tools/codesourcery/bin/../lib/gcc/arm-none-eabi/4.4.1/thumb2/crtend.o
LOAD h:/development/openecu/tools/codesourcery/bin/../lib/gcc/arm-none-eabi/4.4.1/thumb2/crtn.o
                0x00000400                __Stack_Size = 0x400
                0x00000400                PROVIDE (_Stack_Size, __Stack_Size)
                0x2001fc00                __Stack_Init = (_estack - __Stack_Size)
                0x2001fc00                PROVIDE (_Stack_Init, __Stack_Init)
                0x00000100                _Minimum_Stack_Size = 0x100
                0x20020000                _estack = 0x20020000

.isr_vector     0x08000000      0x188
                0x08000000                . = ALIGN (0x4)
 *(.isr_vector)
 .isr_vector    0x08000000      0x188 C:\Users\Sergey\AppData\Local\Temp\cc4yVQeL.o
                0x08000000                g_pfnVectors
                0x08000188                . = ALIGN (0x4)

.flashtext      0x08000188        0x0
                0x08000188                . = ALIGN (0x4)
 *(.flashtext)
                0x08000188                . = ALIGN (0x4)

.text           0x08000188      0x54c
                0x08000188                . = ALIGN (0x4)
 *(.text)
 .text          0x08000188       0xa4 target/main.o
                0x08000188                main
 .text          0x0800022c        0x4 target/calc.o
                0x0800022c                calc_load
                0x0800022e                calc_rpm
 .text          0x08000230       0xb8 target/injection.o
                0x08000230                warmup_enrich
                0x08000232                accel_enrich
                0x080002e0                inj_afr
                0x080002e2                inj_trim
                0x080002e4                inj_calc_pw
                0x080002e6                inj_timing
 .text          0x080002e8        0x4 target/ignition.o
                0x080002e8                ign_timing
                0x080002ea                ign_dwell
 .text          0x080002ec      0x218 target/actuators.o
                0x080002ec                actuators_init
                0x08000320                main_relay
                0x08000374                fuel_pump
                0x0800040c                cooling_fan
                0x08000488                vvt
 .text          0x08000504        0x2 target/comm.o
                0x08000504                comm
 *fill*         0x08000506        0x2 00
 .text          0x08000508      0x184 target/system_stm32f4xx.o
                0x08000508                SystemCoreClockUpdate
                0x080005a0                SystemInit
 *(.text.*)
 .text.Reset_Handler
                0x0800068c       0x44 C:\Users\Sergey\AppData\Local\Temp\cc4yVQeL.o
                0x0800068c                Reset_Handler
 .text.Default_Handler
                0x080006d0        0x2 C:\Users\Sergey\AppData\Local\Temp\cc4yVQeL.o
                0x080006d0                RTC_Alarm_IRQHandler
                0x080006d0                HASH_RNG_IRQHandler
                0x080006d0                EXTI2_IRQHandler
                0x080006d0                TIM8_CC_IRQHandler
                0x080006d0                DebugMon_Handler
                0x080006d0                TIM1_CC_IRQHandler
                0x080006d0                DMA2_Stream5_IRQHandler
                0x080006d0                HardFault_Handler
                0x080006d0                DMA1_Stream5_IRQHandler
                0x080006d0                SysTick_Handler
                0x080006d0                PVD_IRQHandler
                0x080006d0                SDIO_IRQHandler
                0x080006d0                TAMP_STAMP_IRQHandler
                0x080006d0                PendSV_Handler
                0x080006d0                NMI_Handler
                0x080006d0                CAN2_RX1_IRQHandler
                0x080006d0                EXTI3_IRQHandler
                0x080006d0                TIM8_TRG_COM_TIM14_IRQHandler
                0x080006d0                TIM1_UP_TIM10_IRQHandler
                0x080006d0                TIM8_UP_TIM13_IRQHandler
                0x080006d0                I2C3_ER_IRQHandler
                0x080006d0                EXTI0_IRQHandler
                0x080006d0                I2C2_EV_IRQHandler
                0x080006d0                DMA1_Stream2_IRQHandler
                0x080006d0                CAN1_RX0_IRQHandler
                0x080006d0                FPU_IRQHandler
                0x080006d0                OTG_HS_WKUP_IRQHandler
                0x080006d0                UsageFault_Handler
                0x080006d0                CAN2_SCE_IRQHandler
                0x080006d0                DMA2_Stream2_IRQHandler
                0x080006d0                SPI1_IRQHandler
                0x080006d0                TIM6_DAC_IRQHandler
                0x080006d0                TIM1_BRK_TIM9_IRQHandler
                0x080006d0                DCMI_IRQHandler
                0x080006d0                CAN2_RX0_IRQHandler
                0x080006d0                DMA2_Stream3_IRQHandler
                0x080006d0                USART6_IRQHandler
                0x080006d0                USART3_IRQHandler
                0x080006d0                CRYP_IRQHandler
                0x080006d0                CAN1_RX1_IRQHandler
                0x080006d0                UART5_IRQHandler
                0x080006d0                DMA2_Stream0_IRQHandler
                0x080006d0                TIM4_IRQHandler
                0x080006d0                I2C1_EV_IRQHandler
                0x080006d0                DMA1_Stream6_IRQHandler
                0x080006d0                DMA1_Stream1_IRQHandler
                0x080006d0                UART4_IRQHandler
                0x080006d0                TIM3_IRQHandler
                0x080006d0                RCC_IRQHandler
                0x080006d0                TIM8_BRK_TIM12_IRQHandler
                0x080006d0                Default_Handler
                0x080006d0                EXTI15_10_IRQHandler
                0x080006d0                ADC_IRQHandler
                0x080006d0                DMA1_Stream7_IRQHandler
                0x080006d0                TIM7_IRQHandler
                0x080006d0                CAN2_TX_IRQHandler
                0x080006d0                TIM5_IRQHandler
                0x080006d0                DMA2_Stream7_IRQHandler
                0x080006d0                I2C3_EV_IRQHandler
                0x080006d0                EXTI9_5_IRQHandler
                0x080006d0                RTC_WKUP_IRQHandler
                0x080006d0                ETH_WKUP_IRQHandler
                0x080006d0                SPI2_IRQHandler
                0x080006d0                OTG_HS_EP1_IN_IRQHandler
                0x080006d0                MemManage_Handler
                0x080006d0                DMA1_Stream0_IRQHandler
                0x080006d0                CAN1_TX_IRQHandler
                0x080006d0                SVC_Handler
                0x080006d0                EXTI4_IRQHandler
                0x080006d0                FSMC_IRQHandler
                0x080006d0                ETH_IRQHandler
                0x080006d0                OTG_HS_EP1_OUT_IRQHandler
                0x080006d0                WWDG_IRQHandler
                0x080006d0                TIM2_IRQHandler
                0x080006d0                OTG_FS_WKUP_IRQHandler
                0x080006d0                TIM1_TRG_COM_TIM11_IRQHandler
                0x080006d0                OTG_HS_IRQHandler
                0x080006d0                EXTI1_IRQHandler
                0x080006d0                USART2_IRQHandler
                0x080006d0                I2C2_ER_IRQHandler
                0x080006d0                DMA2_Stream1_IRQHandler
                0x080006d0                CAN1_SCE_IRQHandler
                0x080006d0                FLASH_IRQHandler
                0x080006d0                DMA2_Stream4_IRQHandler
                0x080006d0                BusFault_Handler
                0x080006d0                USART1_IRQHandler
                0x080006d0                OTG_FS_IRQHandler
                0x080006d0                SPI3_IRQHandler
                0x080006d0                DMA1_Stream4_IRQHandler
                0x080006d0                I2C1_ER_IRQHandler
                0x080006d0                DMA2_Stream6_IRQHandler
                0x080006d0                DMA1_Stream3_IRQHandler
 *(.rodata)
 *(.rodata*)
 *(.glue_7)
 .glue_7        0x00000000        0x0 linker stubs
 *(.glue_7t)
 .glue_7t       0x00000000        0x0 linker stubs
                0x080006d4                . = ALIGN (0x4)
 *fill*         0x080006d2        0x2 00
                0x080006d4                _etext = .
                0x080006d4                _sidata = _etext

.vfp11_veneer   0x080006d4        0x0
 .vfp11_veneer  0x00000000        0x0 linker stubs

.v4_bx          0x080006d4        0x0
 .v4_bx         0x00000000        0x0 linker stubs

.ROarraySection
 *(.ROarraySection)

.data           0x20000000       0x14 load address 0x080006d4
                0x20000000                . = ALIGN (0x4)
                0x20000000                _sdata = .
 *(.data)
 .data          0x20000000       0x14 target/system_stm32f4xx.o
                0x20000000                SystemCoreClock
                0x20000004                AHBPrescTable
 *(.data.*)
                0x20000014                . = ALIGN (0x4)
                0x20000014                _edata = .

.bss            0x20000014       0xb0 load address 0x080006e8
                0x20000014                . = ALIGN (0x4)
                0x20000014                _sbss = .
 *(.bss)
 *(COMMON)
 COMMON         0x20000014       0xa0 target/main.o
                0x20000014                ecu
                0x200000b0                execount
 COMMON         0x200000b4        0xa target/injection.o
                0x200000b4                acce_delay
                0x200000b8                flags1
                0x200000bc                acce
 *fill*         0x200000be        0x2 00
 COMMON         0x200000c0        0x4 target/actuators.o
                0x200000c0                fuel_pump_time
                0x200000c4                . = ALIGN (0x4)
                0x200000c4                _ebss = .
                0x200000c4                PROVIDE (end, _ebss)
                0x200000c4                PROVIDE (_end, _ebss)

._usrstack      0x200000c4      0x100 load address 0x08000798
                0x200000c4                . = ALIGN (0x4)
                0x200000c4                _susrstack = .
                0x200001c4                . = (. + _Minimum_Stack_Size)
 *fill*         0x200000c4      0x100 00
                0x200001c4                . = ALIGN (0x4)
                0x200001c4                _eusrstack = .

.b1text
 *(.b1text)
 *(.b1rodata)
 *(.b1rodata*)

.eb0text
 *(.eb0text)
 *(.eb0rodata)
 *(.eb0rodata*)

.eb1text
 *(.eb1text)
 *(.eb1rodata)
 *(.eb1rodata*)

.eb2text
 *(.eb2text)
 *(.eb2rodata)
 *(.eb2rodata*)

.eb3text
 *(.eb3text)
 *(.eb3rodata)
 *(.eb3rodata*)

DISCARD
 libc.a(*)
 libm.a(*)
 libgcc.a(*)

.stab
 *(.stab)

.stabstr
 *(.stabstr)

.stab.excl
 *(.stab.excl)

.stab.exclstr
 *(.stab.exclstr)

.stab.index
 *(.stab.index)

.stab.indexstr
 *(.stab.indexstr)

.ARM.attributes
                0x00000000       0x2d
 .ARM.attributes
                0x00000000       0x19 h:/development/openecu/tools/codesourcery/bin/../lib/gcc/arm-none-eabi/4.4.1/thumb2/crti.o
 .ARM.attributes
                0x00000019       0x29 h:/development/openecu/tools/codesourcery/bin/../lib/gcc/arm-none-eabi/4.4.1/thumb2/crtbegin.o
 .ARM.attributes
                0x00000042       0x21 C:\Users\Sergey\AppData\Local\Temp\cc4yVQeL.o
 .ARM.attributes
                0x00000063       0x31 target/main.o
 .ARM.attributes
                0x00000094       0x31 target/calc.o
 .ARM.attributes
                0x000000c5       0x31 target/injection.o
 .ARM.attributes
                0x000000f6       0x31 target/ignition.o
 .ARM.attributes
                0x00000127       0x31 target/actuators.o
 .ARM.attributes
                0x00000158       0x31 target/comm.o
 .ARM.attributes
                0x00000189       0x31 target/system_stm32f4xx.o
 .ARM.attributes
                0x000001ba       0x29 h:/development/openecu/tools/codesourcery/bin/../lib/gcc/arm-none-eabi/4.4.1/thumb2/crtend.o
 .ARM.attributes
                0x000001e3       0x19 h:/development/openecu/tools/codesourcery/bin/../lib/gcc/arm-none-eabi/4.4.1/thumb2/crtn.o

.comment        0x00000000      0x12d
 *(.comment)
 .comment       0x00000000       0x2b target/main.o
 .comment       0x0000002b       0x2b target/calc.o
 .comment       0x00000056       0x2b target/injection.o
 .comment       0x00000081       0x2b target/ignition.o
 .comment       0x000000ac       0x2b target/actuators.o
 .comment       0x000000d7       0x2b target/comm.o
 .comment       0x00000102       0x2b target/system_stm32f4xx.o

.debug
 *(.debug)

.line
 *(.line)

.debug_srcinfo
 *(.debug_srcinfo)

.debug_sfnames
 *(.debug_sfnames)

.debug_aranges
 *(.debug_aranges)

.debug_pubnames
 *(.debug_pubnames)

.debug_info
 *(.debug_info .gnu.linkonce.wi.*)

.debug_abbrev
 *(.debug_abbrev)

.debug_line
 *(.debug_line)

.debug_frame
 *(.debug_frame)

.debug_str
 *(.debug_str)

.debug_loc
 *(.debug_loc)

.debug_macinfo
 *(.debug_macinfo)

.debug_weaknames
 *(.debug_weaknames)

.debug_funcnames
 *(.debug_funcnames)

.debug_typenames
 *(.debug_typenames)

.debug_varnames
 *(.debug_varnames)
OUTPUT(target/target.elf elf32-littlearm)
